 wmitop

 Timestamp is 41613086 (Mon Oct 04 13:14:14 2004)

 Preferred load address is 00400000

 Start         Length     Name                   Class
 0001:00000000 00000ce4H .text                   CODE
 0002:00000000 0000006cH .idata$5                DATA
 0002:0000006c 00000226H .rdata                  DATA
 0002:00000294 00000050H .idata$2                DATA
 0002:000002e4 00000014H .idata$3                DATA
 0002:000002f8 0000006cH .idata$4                DATA
 0002:00000364 0000014eH .idata$6                DATA
 0002:000004b2 00000000H .edata                  DATA
 0003:00000000 00000020H .data                   DATA
 0003:00000020 00000098H .bss                    DATA

  Address         Publics by Value              Rva+Base     Lib:Object

 0001:00000000       ?CtrlHandler@@YGHK@Z       00401000 f   wmitop.obj
 0001:00000018       ?FreeProcInfoList@@YAXPAU_PROCINFO@@@Z 00401018 f   wmitop.obj
 0001:0000003e       ?DoConnect@@YAJPBDPAPAUIWbemServices@@@Z 0040103e f   wmitop.obj
 0001:00000158       ?GetStatistics@@YAJPAUIWbemServices@@PAPAU_PROCINFO@@@Z 00401158 f   wmitop.obj
 0001:00000415       ?CompareProc@@YAHPBX0@Z    00401415 f   wmitop.obj
 0001:00000491       ?DisplayTop@@YAXPAU_PROCINFO@@0@Z 00401491 f   wmitop.obj
 0001:000007ee       _main                      004017ee f   wmitop.obj
 0001:00000975       _printf                    00401975 f   wmitop.obj
 0001:000009e8       __wtoi64                   004019e8 f   wmitop.obj
 0001:00000a5e       _mainCRTStartup            00401a5e f   wmitop.obj
 0001:00000a6f       _qsort                     00401a6f f   LIBC:qsort.obj
 0001:00000c40       __aulldiv                  00401c40 f   LIBC:ulldiv.obj
 0001:00000cb0       __allmul                   00401cb0 f   LIBC:llmul.obj
 0002:00000000       __imp__ExitProcess@4       00402000     kernel32:KERNEL32.dll
 0002:00000004       __imp__MultiByteToWideChar@24 00402004     kernel32:KERNEL32.dll
 0002:00000008       __imp__lstrlenA@4          00402008     kernel32:KERNEL32.dll
 0002:0000000c       __imp__lstrcpyA@8          0040200c     kernel32:KERNEL32.dll
 0002:00000010       __imp__lstrcpynW@12        00402010     kernel32:KERNEL32.dll
 0002:00000014       __imp__CloseHandle@4       00402014     kernel32:KERNEL32.dll
 0002:00000018       __imp__GetVersionExA@4     00402018     kernel32:KERNEL32.dll
 0002:0000001c       __imp__WriteConsoleA@20    0040201c     kernel32:KERNEL32.dll
 0002:00000020       __imp__GetStdHandle@4      00402020     kernel32:KERNEL32.dll
 0002:00000024       __imp__SetEvent@4          00402024     kernel32:KERNEL32.dll
 0002:00000028       \177KERNEL32_NULL_THUNK_DATA 00402028     kernel32:KERNEL32.dll
 0002:0000002c       __imp__VariantClear@4      0040202c     oleaut32:OLEAUT32.dll
 0002:00000030       __imp__SysFreeString@4     00402030     oleaut32:OLEAUT32.dll
 0002:00000034       __imp__VariantInit@4       00402034     oleaut32:OLEAUT32.dll
 0002:00000038       __imp__SysAllocString@4    00402038     oleaut32:OLEAUT32.dll
 0002:0000003c       __imp__SysAllocStringLen@8 0040203c     oleaut32:OLEAUT32.dll
 0002:00000040       \177OLEAUT32_NULL_THUNK_DATA 00402040     oleaut32:OLEAUT32.dll
 0002:00000044       __imp__wsprintfA           00402044     user32:USER32.dll
 0002:00000048       __imp__wvsprintfA@12       00402048     user32:USER32.dll
 0002:0000004c       \177USER32_NULL_THUNK_DATA 0040204c     user32:USER32.dll
 0002:00000050       __imp__CoInitialize@4      00402050     ole32:ole32.dll
 0002:00000054       __imp__CoInitializeSecurity@36 00402054     ole32:ole32.dll
 0002:00000058       __imp__CoUninitialize@0    00402058     ole32:ole32.dll
 0002:0000005c       __imp__CoTaskMemAlloc@4    0040205c     ole32:ole32.dll
 0002:00000060       __imp__CoCreateInstance@20 00402060     ole32:ole32.dll
 0002:00000064       __imp__CoTaskMemFree@4     00402064     ole32:ole32.dll
 0002:00000068       \177ole32_NULL_THUNK_DATA  00402068     ole32:ole32.dll
 0002:0000008c       ??_C@_0O@MJBO@?$CFs?2root?2cimv2?$AA@ 0040208c     wmitop.obj
 0002:0000009c       ??_C@_0L@KKFB@root?2cimv2?$AA@ 0040209c     wmitop.obj
 0002:000000a8       ??_C@_1BK@KFHD@?$AAU?$AAs?$AAe?$AAr?$AAM?$AAo?$AAd?$AAe?$AAT?$AAi?$AAm?$AAe?$AA?$AA@ 004020a8     wmitop.obj
 0002:000000c4       ??_C@_1BO@BOJK@?$AAK?$AAe?$AAr?$AAn?$AAe?$AAl?$AAM?$AAo?$AAd?$AAe?$AAT?$AAi?$AAm?$AAe?$AA?$AA@ 004020c4     wmitop.obj
 0002:000000e4       ??_C@_19KFOE@?$AAN?$AAa?$AAm?$AAe?$AA?$AA@ 004020e4     wmitop.obj
 0002:000000f0       ??_C@_1BO@EHNP@?$AAE?$AAx?$AAe?$AAc?$AAu?$AAt?$AAa?$AAb?$AAl?$AAe?$AAP?$AAa?$AAt?$AAh?$AA?$AA@ 004020f0     wmitop.obj
 0002:00000110       ??_C@_1BE@KCJD@?$AAP?$AAr?$AAo?$AAc?$AAe?$AAs?$AAs?$AAI?$AAd?$AA?$AA@ 00402110     wmitop.obj
 0002:00000124       ??_C@_1BM@DIEM@?$AAW?$AAi?$AAn?$AA3?$AA2?$AA_?$AAP?$AAr?$AAo?$AAc?$AAe?$AAs?$AAs?$AA?$AA@ 00402124     wmitop.obj
 0002:00000140       ??_C@_0BI@GNCH@Press?5Ctrl?9C?5to?5exit?4?4?4?$AA@ 00402140     wmitop.obj
 0002:00000158       ??_C@_0CK@KBOP@?$CF3d?4?$CF02d?$CF?$CF?5?$CF3d?4?$CF02d?$CF?$CF?5?$CF3d?4?$CF02d?$CF?$CF@ 00402158     wmitop.obj
 0002:00000184       ??_C@_0CJ@PJJL@?5?5Total?5?5Kernel?5?5?5User?5?5?5?5PID?5?5?5@ 00402184     wmitop.obj
 0002:000001b0       ??_C@_0DL@MHFB@Total?3?5?$CF3d?4?$CF02d?$CF?$CF?5?5?5Kernel?3?5?$CF3d?4@ 004021b0     wmitop.obj
 0002:000001ec       ??_C@_0CD@KEMP@jACOB?5Windows?5Process?5Informatio@ 004021ec     wmitop.obj
 0002:00000210       ??_C@_0CK@JBDG@Failed?5to?5connect?5to?5WMI?5server?5@ 00402210     wmitop.obj
 0002:0000023c       ??_C@_0CO@KLPG@CoInitializeSecurity?5failed?5with@ 0040223c     wmitop.obj
 0002:0000026c       ??_C@_0CG@JJCH@CoInitialize?5failed?5with?5code?50x@ 0040226c     wmitop.obj
 0002:00000294       __IMPORT_DESCRIPTOR_KERNEL32 00402294     kernel32:KERNEL32.dll
 0002:000002a8       __IMPORT_DESCRIPTOR_USER32 004022a8     user32:USER32.dll
 0002:000002bc       __IMPORT_DESCRIPTOR_ole32  004022bc     ole32:ole32.dll
 0002:000002d0       __IMPORT_DESCRIPTOR_OLEAUT32 004022d0     oleaut32:OLEAUT32.dll
 0002:000002e4       __NULL_IMPORT_DESCRIPTOR   004022e4     kernel32:KERNEL32.dll
 0003:00000000       __GUID_4590f811_1d3a_11d0_891f_00aa004b2e24 00403000     wmitop.obj
 0003:00000010       __GUID_dc12a687_737f_11cf_884d_00aa004b2e24 00403010     wmitop.obj
 0003:00000020       ?_osvi@@3U_OSVERSIONINFOA@@A 00403020     wmitop.obj
 0003:000000b4       ?_hStop@@3PAXA             004030b4     wmitop.obj

 entry point at        0001:00000a5e

 Static symbols

 0001:00000bc3       _shortsort                 00401bc3 f   LIBC:qsort.obj
 0001:00000c11       _swap                      00401c11 f   LIBC:qsort.obj
